ets Jan  8 2013,rst cause:2, boot mode:(3,6)

load 0x40100000, len 7536, room 16
tail 0
chksum 0xa9
load 0x3ffe8408, len 24, room 8
tail 0
chksum 0x10
load 0x3ffe8420, len 3472, room 8
tail 8
chksum 0x23
csum 0x23
I (43) boot: ESP-IDF v3.4-71-g7085cc76-dirty 2nd stage bootloader
I (43) boot: compile time 12:22:54
I (44) boot: SPI Speed      : 40MHz
I (50) boot: SPI Mode       : DIO
I (57) boot: SPI Flash Size : 1MB
I (63) boot: Partition Table:
I (68) boot: ## Label            Usage          Type ST Offset   Length
I (79) boot:  0 nvs              WiFi data        01 02 00009000 00006000
I (91) boot:  1 phy_init         RF data          01 01 0000f000 00001000
I (102) boot:  2 factory          factory app      00 00 00010000 000f0000
I (114) boot: End of partition table
I (121) esp_image: segment 0: paddr=0x00010010 vaddr=0x40210010 size=0x15e6c ( 89708) map
I (171) esp_image: segment 1: paddr=0x00025e84 vaddr=0x40225e7c size=0x0599c ( 22940) map
I (182) esp_image: segment 2: paddr=0x0002b828 vaddr=0x3ffe8000 size=0x003dc (   988) load
I (183) esp_image: segment 3: paddr=0x0002bc0c vaddr=0x40100000 size=0x00080 (   128) load
I (196) esp_image: segment 4: paddr=0x0002bc94 vaddr=0x40100080 size=0x04558 ( 17752) load
I (217) boot: Loaded app from partition at offset 0x10000
I (238) gpio: GPIO[2]| InputEn: 0| OutputEn: 1| OpenDrain: 0| Pullup: 0| Pulldown: 0| Intr:0
I (242) TASK: Turning LED OFF

I (741) TASK: Turning LED ON

I (751) Test: The LED Status: 1

I (1741) TASK: Turning LED OFF

I (1751) Test: The LED Status: 0

I (2251) TASK: Turning LED ON

I (2751) Test: The LED Status: 1

I (3241) TASK: Turning LED OFF

I (3751) Test: The LED Status: 0

I (3753) TASK: Turning LED ON

I (4741) TASK: Turning LED OFF

I (4751) Test: The LED Status: 0

I (5251) TASK: Turning LED ON

I (5751) Test: The LED Status: 1

I (6241) TASK: Turning LED OFF

I (6751) Test: The LED Status: 0

I (6753) TASK: Turning LED ON

I (7741) TASK: Turning LED OFF

I (7751) Test: The LED Status: 0

I (8251) TASK: Turning LED ON

I (8751) Test: The LED Status: 1

I (9241) TASK: Turning LED OFF

I (9751) Test: The LED Status: 0

I (9753) TASK: Turning LED ON

I (10742) TASK: Turning LED OFF

I (10752) Test: The LED Status: 0

I (11252) TASK: Turning LED ON

I (11752) Test: The LED Status: 1

I (12242) TASK: Turning LED OFF

I (12752) Test: The LED Status: 0

I (12754) TASK: Turning LED ON
